// Jest Snapshot v1, https://goo.gl/fbAQLP

exports[`Modal component matches snapshot DOM node structure 1`] = `
<DocumentFragment>
  <div
    class="modalBackdrop"
  >
    <div
      class="modalContainer"
    >
      <h3
        class="modalTitle"
      >
        Portrait of the Artist as a Young Cat
      </h3>
      <img
        alt="current category"
      />
      <p>
        Okay, so she wasn't *super* young when this photo was taken, but she's still looking good in her older age.
      </p>
      <button
        type="button"
      >
        Close this modal
      </button>
    </div>
  </div>
</DocumentFragment>
`;
